
                           ***********************       
                           *  WELCOME TO SIESTA  *       
                           ***********************       

reinit: Reading from ../bessel.fdf

reinit: -----------------------------------------------------------------------
reinit: System Name: Water molecule with Bessel Orbitals
reinit: -----------------------------------------------------------------------
reinit: System Label: bessel
reinit: -----------------------------------------------------------------------
Siesta Version: siesta-4.1--736
Architecture  : unknown
Compiler flags: gfortran -O2 -fPIC -ftree-vectorize
PP flags      : -DFC_HAVE_ABORT
Libraries     : 
SERIAL version

* Running in serial mode
>> Start of run:  11-JAN-2018  12:15:43

                           ***********************       
                           *  WELCOME TO SIESTA  *       
                           ***********************       

reinit: Reading from ../bessel.fdf

initatom: Reading input for the pseudopotentials and atomic orbitals ----------

Species number:   1 Atomic number:    8 Label: O
Species number:   2 Atomic number:    1 Label: H
Species number:   3 Label: Bessel (floating Bessel functions)

Ground state valence configuration: reinit: -----------------------------------------------------------------------
reinit: System Name: Water molecule with Bessel Orbitals
reinit: -----------------------------------------------------------------------
reinit: System Label: bessel
reinit: -----------------------------------------------------------------------
  2s02  2p04
Reading pseudopotential information in formatted form from O.psf

Valence configuration for pseudopotential generation:
2s( 2.00) rc: 1.14
2p( 4.00) rc: 1.14
3d( 0.00) rc: 1.14
4f( 0.00) rc: 1.14
Siesta Version: siesta-4.1--736
Architecture  : unknown
Compiler flags: gfortran -O2 -fPIC -ftree-vectorize
PP flags      : -DFC_HAVE_ABORT
Libraries     : 
SERIAL version

* Running in serial mode
>> Start of run:  11-JAN-2018  12:15:43

initatom: Reading input for the pseudopotentials and atomic orbitals ----------
Species number:   1 Atomic number:    8 Label: O
Species number:   2 Atomic number:    1 Label: H
Species number:   3 Label: Bessel (floating Bessel functions)

Ground state valence configuration:   2s02  2p04
Reading pseudopotential information in formatted form from O.psf

Valence configuration for pseudopotential generation:
2s( 2.00) rc: 1.14
2p( 4.00) rc: 1.14
3d( 0.00) rc: 1.14
4f( 0.00) rc: 1.14
Ground state valence configuration:   1s01
Reading pseudopotential information in formatted form from H.psf

Valence configuration for pseudopotential generation:
1s( 1.00) rc: 1.25
2p( 0.00) rc: 1.25
3d( 0.00) rc: 1.25
4f( 0.00) rc: 1.25
Ground state valence configuration:   1s01
Reading pseudopotential information in formatted form from H.psf

Valence configuration for pseudopotential generation:
1s( 1.00) rc: 1.25
2p( 0.00) rc: 1.25
3d( 0.00) rc: 1.25
4f( 0.00) rc: 1.25
For O, standard SIESTA heuristics set lmxkb to 3
 (one more than the basis l, including polarization orbitals).
Use PS.lmax or PS.KBprojectors blocks to override.
For H, standard SIESTA heuristics set lmxkb to 2
 (one more than the basis l, including polarization orbitals).
Use PS.lmax or PS.KBprojectors blocks to override.
For O, standard SIESTA heuristics set lmxkb to 3
 (one more than the basis l, including polarization orbitals).
Use PS.lmax or PS.KBprojectors blocks to override.
For H, standard SIESTA heuristics set lmxkb to 2
 (one more than the basis l, including polarization orbitals).
Use PS.lmax or PS.KBprojectors blocks to override.

<basis_specs>
===============================================================================
O                    Z=   8    Mass=  16.000        Charge= 0.17977+309
Lmxo=1 Lmxkb= 3    BasisType=split      Semic=F
L=0  Nsemic=0  Cnfigmx=2
          n=1  nzeta=2  polorb=0
            splnorm:   0.15000    
               vcte:    0.0000    
               rinn:    0.0000    
               qcoe:    0.0000    
               qyuk:    0.0000    
               qwid:   0.10000E-01
                rcs:    0.0000      0.0000    
            lambdas:    1.0000      1.0000    
L=1  Nsemic=0  Cnfigmx=2
          n=1  nzeta=2  polorb=1
            splnorm:   0.15000    
               vcte:    0.0000    
               rinn:    0.0000    
               qcoe:    0.0000    
               qyuk:    0.0000    
               qwid:   0.10000E-01
                rcs:    0.0000      0.0000    
            lambdas:    1.0000      1.0000    
-------------------------------------------------------------------------------
L=0  Nkbl=1  erefs: 0.17977+309
L=1  Nkbl=1  erefs: 0.17977+309
L=2  Nkbl=1  erefs: 0.17977+309
L=3  Nkbl=1  erefs: 0.17977+309
===============================================================================
</basis_specs>

atom: Called for O                     (Z =   8)

read_vps: Pseudopotential generation method:
read_vps: ATM3      Troullier-Martins                       
Total valence charge:    6.00000

xc_check: Exchange-correlation functional:
xc_check: Ceperley-Alder

<basis_specs>
===============================================================================
O                    Z=   8    Mass=  16.000        Charge= 0.17977+309
Lmxo=1 Lmxkb= 3    BasisType=split      Semic=F
L=0  Nsemic=0  Cnfigmx=2
          n=1  nzeta=2  polorb=0
            splnorm:   0.15000    
               vcte:    0.0000    
               rinn:    0.0000    
               qcoe:    0.0000    
               qyuk:    0.0000    
               qwid:   0.10000E-01
                rcs:    0.0000      0.0000    
            lambdas:    1.0000      1.0000    
L=1  Nsemic=0  Cnfigmx=2
          n=1  nzeta=2  polorb=1
            splnorm:   0.15000    
               vcte:    0.0000    
               rinn:    0.0000    
               qcoe:    0.0000    
               qyuk:    0.0000    
               qwid:   0.10000E-01
                rcs:    0.0000      0.0000    
            lambdas:    1.0000      1.0000    
-------------------------------------------------------------------------------
L=0  Nkbl=1  erefs: 0.17977+309
L=1  Nkbl=1  erefs: 0.17977+309
L=2  Nkbl=1  erefs: 0.17977+309
L=3  Nkbl=1  erefs: 0.17977+309
===============================================================================
</basis_specs>

atom: Called for O                     (Z =   8)

read_vps: Pseudopotential generation method:
read_vps: ATM3      Troullier-Martins                       
Total valence charge:    6.00000

xc_check: Exchange-correlation functional:
xc_check: Ceperley-Alder
V l=0 = -2*Zval/r beyond r=  1.1278
V l=1 = -2*Zval/r beyond r=  1.1278
V l=2 = -2*Zval/r beyond r=  1.1278
V l=3 = -2*Zval/r beyond r=  1.1138
All V_l potentials equal beyond r=  1.1278
This should be close to max(r_c) in ps generation
All pots = -2*Zval/r beyond r=  1.1278

VLOCAL1: 99.0% of the norm of Vloc inside     34.126 Ry
VLOCAL1: 99.9% of the norm of Vloc inside     77.774 Ry
atom: Maximum radius for 4*pi*r*r*local-pseudopot. charge    1.37759
V l=0 = -2*Zval/r beyond r=  1.1278
V l=1 = -2*Zval/r beyond r=  1.1278
V l=2 = -2*Zval/r beyond r=  1.1278
V l=3 = -2*Zval/r beyond r=  1.1138
All V_l potentials equal beyond r=  1.1278
This should be close to max(r_c) in ps generation
All pots = -2*Zval/r beyond r=  1.1278

VLOCAL1: 99.0% of the norm of Vloc inside     34.126 Ry
VLOCAL1: 99.9% of the norm of Vloc inside     77.774 Ry
atom: Maximum radius for 4*pi*r*r*local-pseudopot. charge    1.37759
atom: Maximum radius for r*vlocal+2*Zval:    1.18566
GHOST: No ghost state for L =  0
atom: Maximum radius for r*vlocal+2*Zval:    1.18566
GHOST: No ghost state for L =  1
GHOST: No ghost state for L =  0
GHOST: No ghost state for L =  1
GHOST: No ghost state for L =  2
GHOST: No ghost state for L =  2
GHOST: No ghost state for L =  3

KBgen: Kleinman-Bylander projectors: 
   l= 0   rc=  1.294105   el= -1.742414   Ekb=  9.135903   kbcos=  0.326910
   l= 1   rc=  1.294105   el= -0.676589   Ekb= -8.124878   kbcos= -0.395047
   l= 2   rc=  1.448233   el=  0.002386   Ekb= -2.039267   kbcos= -0.003484
   l= 3   rc=  1.561052   el=  0.003508   Ekb= -0.799141   kbcos= -0.000344

KBgen: Total number of  Kleinman-Bylander projectors:   16
atom: -------------------------------------------------------------------------

atom: SANKEY-TYPE ORBITALS:
atom: Selected multiple-zeta basis: split     

SPLIT: Orbitals with angular momentum L= 0

SPLIT: Basis orbitals for state 2s

SPLIT: PAO cut-off radius determined from an
SPLIT: energy shift=  0.020000 Ry
GHOST: No ghost state for L =  3

KBgen: Kleinman-Bylander projectors: 
   l= 0   rc=  1.294105   el= -1.742414   Ekb=  9.135903   kbcos=  0.326910
   l= 1   rc=  1.294105   el= -0.676589   Ekb= -8.124878   kbcos= -0.395047
   l= 2   rc=  1.448233   el=  0.002386   Ekb= -2.039267   kbcos= -0.003484
   l= 3   rc=  1.561052   el=  0.003508   Ekb= -0.799141   kbcos= -0.000344

KBgen: Total number of  Kleinman-Bylander projectors:   16
atom: -------------------------------------------------------------------------

atom: SANKEY-TYPE ORBITALS:
atom: Selected multiple-zeta basis: split     

SPLIT: Orbitals with angular momentum L= 0

SPLIT: Basis orbitals for state 2s

SPLIT: PAO cut-off radius determined from an
SPLIT: energy shift=  0.020000 Ry

   izeta = 1
                 lambda =    1.000000
                     rc =    3.305093
                 energy =   -1.723766
                kinetic =    1.614911
    potential(screened) =   -3.338677
       potential(ionic) =  -11.304675

   izeta = 1
                 lambda =    1.000000
                     rc =    3.305093
                 energy =   -1.723766
                kinetic =    1.614911
    potential(screened) =   -3.338677
       potential(ionic) =  -11.304675

   izeta = 2
                 rmatch =    2.510382
              splitnorm =    0.150000
                 energy =   -1.471299
                kinetic =    2.446434
    potential(screened) =   -3.917732
       potential(ionic) =  -12.476133

   izeta = 2
                 rmatch =    2.510382
              splitnorm =    0.150000
                 energy =   -1.471299
                kinetic =    2.446434
    potential(screened) =   -3.917732
       potential(ionic) =  -12.476133

SPLIT: Orbitals with angular momentum L= 1

SPLIT: Basis orbitals for state 2p

SPLIT: PAO cut-off radius determined from an
SPLIT: energy shift=  0.020000 Ry

SPLIT: Orbitals with angular momentum L= 1

SPLIT: Basis orbitals for state 2p

   izeta = 1
                 lambda =    1.000000
                     rc =    3.937239
                 energy =   -0.658841
                kinetic =    5.005986
    potential(screened) =   -5.664827
       potential(ionic) =  -13.452360

SPLIT: PAO cut-off radius determined from an
SPLIT: energy shift=  0.020000 Ry

   izeta = 1
                 lambda =    1.000000
                     rc =    3.937239
                 energy =   -0.658841
                kinetic =    5.005986
    potential(screened) =   -5.664827
       potential(ionic) =  -13.452360

   izeta = 2
                 rmatch =    2.541963
              splitnorm =    0.150000
                 energy =   -0.367441
                kinetic =    7.530509
    potential(screened) =   -7.897949
       potential(ionic) =  -16.611953

   izeta = 2
                 rmatch =    2.541963
              splitnorm =    0.150000
                 energy =   -0.367441
                kinetic =    7.530509
    potential(screened) =   -7.897949
       potential(ionic) =  -16.611953

POLgen: Perturbative polarization orbital with L=  2

POLgen: Polarization orbital for state 2p

POLgen: Perturbative polarization orbital with L=  2

POLgen: Polarization orbital for state 2p

   izeta = 1
                     rc =    3.937239
                 energy =    2.398520
                kinetic =    4.716729
    potential(screened) =   -2.318209
       potential(ionic) =   -8.603170
atom: Total number of Sankey-type orbitals: 13

atm_pop: Valence configuration (for local Pseudopot. screening):
 2s( 2.00)                                                            
 2p( 4.00)                                                            
Vna: chval, zval:    6.00000   6.00000

Vna:  Cut-off radius for the neutral-atom potential:   3.937239

   izeta = 1
                     rc =    3.937239
                 energy =    2.398520
                kinetic =    4.716729
    potential(screened) =   -2.318209
       potential(ionic) =   -8.603170

atom: _________________________________________________________________________

<basis_specs>
===============================================================================
H                    Z=   1    Mass=  1.0100        Charge= 0.17977+309
Lmxo=0 Lmxkb= 2    BasisType=split      Semic=F
L=0  Nsemic=0  Cnfigmx=1
          n=1  nzeta=2  polorb=1
            splnorm:   0.15000    
               vcte:    0.0000    
               rinn:    0.0000    
               qcoe:    0.0000    
               qyuk:    0.0000    
               qwid:   0.10000E-01
                rcs:    0.0000      0.0000    
            lambdas:    1.0000      1.0000    
-------------------------------------------------------------------------------
L=0  Nkbl=1  erefs: 0.17977+309
L=1  Nkbl=1  erefs: 0.17977+309
L=2  Nkbl=1  erefs: 0.17977+309
===============================================================================
</basis_specs>

atom: Called for H                     (Z =   1)

read_vps: Pseudopotential generation method:
read_vps: ATM3      Troullier-Martins                       
Total valence charge:    1.00000

xc_check: Exchange-correlation functional:
xc_check: Ceperley-Alder
atom: Total number of Sankey-type orbitals: 13

atm_pop: Valence configuration (for local Pseudopot. screening):
 2s( 2.00)                                                            
 2p( 4.00)                                                            
Vna: chval, zval:    6.00000   6.00000

Vna:  Cut-off radius for the neutral-atom potential:   3.937239

atom: _________________________________________________________________________

<basis_specs>
===============================================================================
H                    Z=   1    Mass=  1.0100        Charge= 0.17977+309
Lmxo=0 Lmxkb= 2    BasisType=split      Semic=F
L=0  Nsemic=0  Cnfigmx=1
          n=1  nzeta=2  polorb=1
            splnorm:   0.15000    
               vcte:    0.0000    
               rinn:    0.0000    
               qcoe:    0.0000    
               qyuk:    0.0000    
               qwid:   0.10000E-01
                rcs:    0.0000      0.0000    
            lambdas:    1.0000      1.0000    
-------------------------------------------------------------------------------
L=0  Nkbl=1  erefs: 0.17977+309
L=1  Nkbl=1  erefs: 0.17977+309
L=2  Nkbl=1  erefs: 0.17977+309
===============================================================================
</basis_specs>

atom: Called for H                     (Z =   1)

read_vps: Pseudopotential generation method:
read_vps: ATM3      Troullier-Martins                       
Total valence charge:    1.00000

xc_check: Exchange-correlation functional:
xc_check: Ceperley-Alder
V l=0 = -2*Zval/r beyond r=  1.2343
V l=1 = -2*Zval/r beyond r=  1.2189
V l=2 = -2*Zval/r beyond r=  1.2189
All V_l potentials equal beyond r=  1.2343
This should be close to max(r_c) in ps generation
All pots = -2*Zval/r beyond r=  1.2343

VLOCAL1: 99.0% of the norm of Vloc inside     28.493 Ry
VLOCAL1: 99.9% of the norm of Vloc inside     64.935 Ry
atom: Maximum radius for 4*pi*r*r*local-pseudopot. charge    1.45251
V l=0 = -2*Zval/r beyond r=  1.2343
V l=1 = -2*Zval/r beyond r=  1.2189
V l=2 = -2*Zval/r beyond r=  1.2189
All V_l potentials equal beyond r=  1.2343
This should be close to max(r_c) in ps generation
All pots = -2*Zval/r beyond r=  1.2343

VLOCAL1: 99.0% of the norm of Vloc inside     28.493 Ry
VLOCAL1: 99.9% of the norm of Vloc inside     64.935 Ry
atom: Maximum radius for r*vlocal+2*Zval:    1.21892
atom: Maximum radius for 4*pi*r*r*local-pseudopot. charge    1.45251
GHOST: No ghost state for L =  0
atom: Maximum radius for r*vlocal+2*Zval:    1.21892
GHOST: No ghost state for L =  1
GHOST: No ghost state for L =  0
GHOST: No ghost state for L =  2
GHOST: No ghost state for L =  1

KBgen: Kleinman-Bylander projectors: 
   l= 0   rc=  1.364359   el= -0.467325   Ekb= -2.005361   kbcos= -0.336422
   l= 1   rc=  1.434438   el=  0.001430   Ekb= -0.501708   kbcos= -0.021697
   l= 2   rc=  1.470814   el=  0.002365   Ekb= -0.190555   kbcos= -0.002281

KBgen: Total number of  Kleinman-Bylander projectors:    9
atom: -------------------------------------------------------------------------

atom: SANKEY-TYPE ORBITALS:
atom: Selected multiple-zeta basis: split     

SPLIT: Orbitals with angular momentum L= 0

SPLIT: Basis orbitals for state 1s

SPLIT: PAO cut-off radius determined from an
SPLIT: energy shift=  0.020000 Ry
GHOST: No ghost state for L =  2

   izeta = 1
                 lambda =    1.000000
                     rc =    4.828263
                 energy =   -0.449375
                kinetic =    0.929372
    potential(screened) =   -1.378747
       potential(ionic) =   -1.915047

KBgen: Kleinman-Bylander projectors: 
   l= 0   rc=  1.364359   el= -0.467325   Ekb= -2.005361   kbcos= -0.336422
   l= 1   rc=  1.434438   el=  0.001430   Ekb= -0.501708   kbcos= -0.021697
   l= 2   rc=  1.470814   el=  0.002365   Ekb= -0.190555   kbcos= -0.002281

KBgen: Total number of  Kleinman-Bylander projectors:    9
atom: -------------------------------------------------------------------------

atom: SANKEY-TYPE ORBITALS:
atom: Selected multiple-zeta basis: split     

SPLIT: Orbitals with angular momentum L= 0

SPLIT: Basis orbitals for state 1s

SPLIT: PAO cut-off radius determined from an
SPLIT: energy shift=  0.020000 Ry

   izeta = 2
                 rmatch =    3.854947
              splitnorm =    0.150000
                 energy =   -0.336153
                kinetic =    1.505294
    potential(screened) =   -1.841447
       potential(ionic) =   -2.413582

   izeta = 1
                 lambda =    1.000000
                     rc =    4.828263
                 energy =   -0.449375
                kinetic =    0.929372
    potential(screened) =   -1.378747
       potential(ionic) =   -1.915047

POLgen: Perturbative polarization orbital with L=  1

POLgen: Polarization orbital for state 1s

   izeta = 2
                 rmatch =    3.854947
              splitnorm =    0.150000
                 energy =   -0.336153
                kinetic =    1.505294
    potential(screened) =   -1.841447
       potential(ionic) =   -2.413582

   izeta = 1
                     rc =    4.828263
                 energy =    0.706972
                kinetic =    1.396397
    potential(screened) =   -0.689424
       potential(ionic) =   -1.169792
atom: Total number of Sankey-type orbitals:  5

atm_pop: Valence configuration (for local Pseudopot. screening):
 1s( 1.00)                                                            
Vna: chval, zval:    1.00000   1.00000

Vna:  Cut-off radius for the neutral-atom potential:   4.828263

POLgen: Perturbative polarization orbital with L=  1

POLgen: Polarization orbital for state 1s

atom: _________________________________________________________________________

<basis_specs>
===============================================================================
Bessel               Z=-100    Mass= 0.10000E+41    Charge= 0.17977+309
Lmxo=0 Lmxkb=-1    BasisType=split      Semic=F
L=0  Nsemic=0  Cnfigmx=1
          n=1  nzeta=1  polorb=0
            splnorm:   0.15000    
               vcte:    0.0000    
               rinn:    0.0000    
               qcoe:    0.0000    
               qyuk:    0.0000    
               qwid:   0.10000E-01
                rcs:    2.0000    
            lambdas:    1.0000    
===============================================================================
</basis_specs>

atom: Called for Z=-100( Floating Bessel functions)

Bessel: floating Bessel functions with angular momentum L= 0

   izeta = 1

   izeta = 1
                     rc =    2.011274
                 energy =    2.439817
                     rc =    4.828263
                 energy =    0.706972
                kinetic =    1.396397
    potential(screened) =   -0.689424
       potential(ionic) =   -1.169792

atom: Total number of floating Bessel orbitals:  1

atom: _________________________________________________________________________

prinput: Basis input ----------------------------------------------------------

PAO.BasisType split     

%block ChemicalSpeciesLabel
    1    8 O                       # Species index, atomic number, species label
    2    1 H                       # Species index, atomic number, species label
    3 -100 Bessel                  # Species index, atomic number, species label
%endblock ChemicalSpeciesLabel

%block PAO.Basis                 # Define Basis set
atom: Total number of Sankey-type orbitals:  5

atm_pop: Valence configuration (for local Pseudopot. screening):
O                     2                    # Species label, number of l-shells
 n=2   0   2                         # n, l, Nzeta 
   3.305      2.510   
   1.000      1.000   
 1s( 1.00)                                                            
Vna: chval, zval:    1.00000   1.00000
 n=2   1   2 P   1                   # n, l, Nzeta, Polarization, NzetaPol
   3.937      2.542   
   1.000      1.000   
H                     1                    # Species label, number of l-shells
 n=1   0   2 P   1                   # n, l, Nzeta, Polarization, NzetaPol

Vna:  Cut-off radius for the neutral-atom potential:   4.828263
   4.828      3.855   
   1.000      1.000   
Bessel                1                    # Species label, number of l-shells
 n=1   0   1                         # n, l, Nzeta 
   2.011   
   1.000   
%endblock PAO.Basis

prinput: ----------------------------------------------------------------------


atom: _________________________________________________________________________

<basis_specs>
===============================================================================
Bessel               Z=-100    Mass= 0.10000E+41    Charge= 0.17977+309
Lmxo=0 Lmxkb=-1    BasisType=split      Semic=F
L=0  Nsemic=0  Cnfigmx=1
          n=1  nzeta=1  polorb=0
            splnorm:   0.15000    
               vcte:    0.0000    
               rinn:    0.0000    
               qcoe:    0.0000    
               qyuk:    0.0000    
               qwid:   0.10000E-01
                rcs:    2.0000    
            lambdas:    1.0000    
===============================================================================
</basis_specs>

atom: Called for Z=-100( Floating Bessel functions)

Bessel: floating Bessel functions with angular momentum L= 0

   izeta = 1
                     rc =    2.011274
                 energy =    2.439817

atom: Total number of floating Bessel orbitals:  1

atom: _________________________________________________________________________

prinput: Basis input ----------------------------------------------------------

PAO.BasisType split     

%block ChemicalSpeciesLabel
    1    8 O                       # Species index, atomic number, species label
    2    1 H                       # Species index, atomic number, species label
    3 -100 Bessel                  # Species index, atomic number, species label
%endblock ChemicalSpeciesLabel

%block PAO.Basis                 # Define Basis set
O                     2                    # Species label, number of l-shells
 n=2   0   2                         # n, l, Nzeta 
   3.305      2.510   
   1.000      1.000   
 n=2   1   2 P   1                   # n, l, Nzeta, Polarization, NzetaPol
   3.937      2.542   
   1.000      1.000   
H                     1                    # Species label, number of l-shells
 n=1   0   2 P   1                   # n, l, Nzeta, Polarization, NzetaPol
   4.828      3.855   
   1.000      1.000   
Bessel                1                    # Species label, number of l-shells
 n=1   0   1                         # n, l, Nzeta 
   2.011   
   1.000   
%endblock PAO.Basis

prinput: ----------------------------------------------------------------------

--------------------------------------------------------------------------
mpirun noticed that process rank 1 with PID 0 on node atocha exited on signal 11 (Segmentation fault).
--------------------------------------------------------------------------
