
                           ***********************       
                           *  WELCOME TO SIESTA  *       
                           ***********************       

reinit: Reading from ../ar2_vdw.fdf

reinit: -----------------------------------------------------------------------
reinit: System Name: Argon dimer. VDW-DF. Unconverged test.
reinit: -----------------------------------------------------------------------
reinit: System Label: ar2_vdw
reinit: -----------------------------------------------------------------------
Siesta Version: siesta-4.1--736
Architecture  : unknown
Compiler flags: gfortran -O2 -fPIC -ftree-vectorize -pg -no-pie
PP flags      : -DFC_HAVE_ABORT
Libraries     : 
SERIAL version

* Running in serial mode
>> Start of run:  12-JAN-2018  10:31:09

initatom: Reading input for the pseudopotentials and atomic orbitals ----------
Species number:   1 Atomic number:   18 Label: Ar.vdw

Ground state valence configuration:   3s02  3p06
Reading pseudopotential information in formatted form from Ar.vdw.psf

Pseudopotential generated from a relativistic atomic calculation
There are spin-orbit pseudopotentials available
Spin-orbit interaction is not included in this calculation

Valence configuration for pseudopotential generation:
3s( 2.00) rc: 1.58
3p( 6.00) rc: 1.58
3d( 0.00) rc: 1.89
4f( 0.00) rc: 1.89
relmxkb: Read Max KB Ang. Momentum=    2 for species Ar.vdw

<basis_specs>
===============================================================================
Ar.vdw               Z=  18    Mass=  39.950        Charge= 0.17977+309
Lmxo=1 Lmxkb= 2    BasisType=split      Semic=F
L=0  Nsemic=0  Cnfigmx=3
          n=1  nzeta=2  polorb=0
            splnorm:   0.15000    
               vcte:    0.0000    
               rinn:    0.0000    
               qcoe:    0.0000    
               qyuk:    0.0000    
               qwid:   0.10000E-01
                rcs:    0.0000      0.0000    
            lambdas:    1.0000      1.0000    
L=1  Nsemic=0  Cnfigmx=3
          n=1  nzeta=2  polorb=1
            splnorm:   0.15000    
               vcte:    0.0000    
               rinn:    0.0000    
               qcoe:    0.0000    
               qyuk:    0.0000    
               qwid:   0.10000E-01
                rcs:    0.0000      0.0000    
            lambdas:    1.0000      1.0000    
-------------------------------------------------------------------------------
L=0  Nkbl=1  erefs: 0.17977+309
L=1  Nkbl=1  erefs: 0.17977+309
L=2  Nkbl=1  erefs: 0.17977+309
===============================================================================
</basis_specs>

Filter: Requested cutoff:   80.000000 Ry
atom: Called for Ar.vdw                (Z =  18)

read_vps: Pseudopotential generation method:
read_vps: ATM3.3    Troullier-Martins                       
Total valence charge:    8.00000

read_vps: Pseudopotential includes a core correction:
read_vps: Pseudo-core for xc-correction

xc_check: Exchange-correlation functional:
xc_check: VDW Dion-Rydberg-Schroeder-Langreth-Lundqvist
V l=0 = -2*Zval/r beyond r=  5.7380
V l=1 = -2*Zval/r beyond r=  5.7380
V l=2 = -2*Zval/r beyond r=  5.7380
All V_l potentials equal beyond r=  1.8628
This should be close to max(r_c) in ps generation
All pots = -2*Zval/r beyond r=  5.7380
Using large-core scheme for Vlocal

atom: Estimated core radius    5.73796
atom: Maximum radius for 4*pi*r*r*local-pseudopot. charge    6.18487
atom: Maximum radius for r*vlocal+2*Zval:    5.81014
GHOST: No ghost state for L =  0
GHOST: No ghost state for L =  1
GHOST: No ghost state for L =  2

KBgen: Kleinman-Bylander projectors: 
   l= 0   rc=  1.933935   el= -1.794714   Ekb= 11.577688   kbcos=  0.177253
   l= 1   rc=  1.933935   el= -0.765735   Ekb= -0.946801   kbcos= -0.508421
   l= 2   rc=  1.933935   el=  0.002320   Ekb= -4.661828   kbcos= -0.053631

KBgen: Total number of  Kleinman-Bylander projectors:    9
atom: -------------------------------------------------------------------------

atom: SANKEY-TYPE ORBITALS:
atom: Selected multiple-zeta basis: split     

SPLIT: Orbitals with angular momentum L= 0

SPLIT: Basis orbitals for state 3s

SPLIT: PAO cut-off radius determined from an
SPLIT: energy shift=  0.007350 Ry

   izeta = 1
                 lambda =    1.000000
                     rc =    3.993203
                 energy =   -1.787952
                kinetic =    1.158248
    potential(screened) =   -2.946200
       potential(ionic) =  -11.276508
PAO Filter: Cutoff used:   39.20 Ry
PAO Filter: diagnostic kin energy tol:    0.003000 Ry
PAO Filter: Nominal cutoff (before filtering):   51.32 Ry
Filter:    Number of eigenfunctions  of the
           filtering kernel (total, used)= 26  6

   izeta = 2
                 rmatch =    2.921453
              splitnorm =    0.150000
                 energy =   -1.603831
                kinetic =    1.743790
    potential(screened) =   -3.347621
       potential(ionic) =  -12.083785
PAO Filter: Cutoff used:   39.20 Ry
PAO Filter: diagnostic kin energy tol:    0.003000 Ry
PAO Filter: Nominal cutoff (before filtering):   54.23 Ry
Filter:    Number of eigenfunctions  of the
           filtering kernel (total, used)= 22  4

SPLIT: Orbitals with angular momentum L= 1

SPLIT: Basis orbitals for state 3p

SPLIT: PAO cut-off radius determined from an
SPLIT: energy shift=  0.007350 Ry

   izeta = 1
                 lambda =    1.000000
                     rc =    4.877340
                 energy =   -0.758189
                kinetic =    2.217693
    potential(screened) =   -2.975882
       potential(ionic) =  -10.769536
PAO Filter: Cutoff used:   39.20 Ry
PAO Filter: diagnostic kin energy tol:    0.003000 Ry
PAO Filter: Nominal cutoff (before filtering):   18.57 Ry
Filter:    Number of eigenfunctions  of the
           filtering kernel (total, used)= 30  8

   izeta = 2
                 rmatch =    3.188610
              splitnorm =    0.150000
                 energy =   -0.541535
                kinetic =    3.267023
    potential(screened) =   -3.808558
       potential(ionic) =  -12.314794
PAO Filter: Cutoff used:   39.20 Ry
PAO Filter: diagnostic kin energy tol:    0.003000 Ry
PAO Filter: Nominal cutoff (before filtering):   29.30 Ry
Filter:    Number of eigenfunctions  of the
           filtering kernel (total, used)= 23  4

POLgen: Perturbative polarization orbital with L=  2

POLgen: Polarization orbital for state 3p

   izeta = 1
                     rc =    4.877340
                 energy =    1.013743
                kinetic =    3.051397
    potential(screened) =   -2.037654
       potential(ionic) =   -8.994896
PAO Filter: diagnostic kin energy tol:    0.003000 Ry
PAO Filter: Nominal cutoff (before filtering):   33.15 Ry
Filter:    Number of eigenfunctions  of the
           filtering kernel (total, used)= 30  7
atom: Total number of Sankey-type orbitals: 13

atm_pop: Valence configuration (for local Pseudopot. screening):
 3s( 2.00)                                                            
 3p( 6.00)                                                            
Vna: chval, zval:    8.00000   8.00000

Vna:  Cut-off radius for the neutral-atom potential:   5.883224
Vna: WARNING: Cut-off radius for the neutral-atom potential, rVna =     5.88322
Vna: WARNING: Cut-off radius for charge density =     4.87734
Vna: WARNING: Check atom: Look for the sentence:
Vna: WARNING: LOCAL NEUTRAL-ATOM PSEUDOPOTENTIAL
Vna: WARNING: Increasing the tolerance parameter EPS
Vna: WARNING: might be a good idea
VNA Filter: diagnostic kinetic energy tol:    0.003000 Ry
VNA Filter: Nominal cutoff (before filtering):   27.15 Ry
VNA Filter: Cutoff used:    80.00 Ry
Filter:    Number of eigenfunctions  of the
           filtering kernel (total, used)= 44 15
comcore: Pseudo-core radius Rcore=  2.137344
PCC Filter: diagnostic kin energy tol:    0.003000 Ry
PCC Filter: Nominal cutoff (before filtering):   93.06 Ry
PCC Filter: Cutoff used:    80.00 Ry
Filter:    Number of eigenfunctions  of the
           filtering kernel (total, used)= 22  4

atom: _________________________________________________________________________

prinput: Basis input ----------------------------------------------------------

PAO.BasisType split     

%block ChemicalSpeciesLabel
    1   18 Ar.vdw                  # Species index, atomic number, species label
%endblock ChemicalSpeciesLabel

%block PAO.Basis                 # Define Basis set
Ar.vdw                2                    # Species label, number of l-shells
 n=3   0   2                         # n, l, Nzeta 
   3.993      2.921   
   1.000      1.000   
 n=3   1   2 P   1                   # n, l, Nzeta, Polarization, NzetaPol
   4.877      3.189   
   1.000      1.000   
%endblock PAO.Basis

prinput: ----------------------------------------------------------------------

coor:   Atomic-coordinates input format  =     Cartesian coordinates
coor:                                          (in Angstroms)

siesta: Atomic coordinates (Bohr) and species
siesta:      0.00000   0.00000   0.00000  1        1
siesta:      7.55891   0.00000   0.00000  1        2

siesta: System type = molecule  

initatomlists: Number of atoms, orbitals, and projectors:      2    26    18

siesta: ******************** Simulation parameters ****************************
siesta:
siesta: The following are some of the parameters of the simulation.
siesta: A complete list of the parameters used, including default values,
siesta: can be found in file out.fdf
siesta:
redata: Spin configuration                          = none
redata: Number of spin components                   = 1
redata: Time-Reversal Symmetry                      = T
redata: Spin-spiral                                 = F
redata: Long output                                 =   F
redata: Number of Atomic Species                    =        1
redata: Charge density info will appear in .RHO file
redata: Write Mulliken Pop.                         = NO
redata: Mesh Cutoff                                 =   100.0000 Ry
redata: Net charge of the system                    =     0.0000 |e|
redata: Min. number of SCF Iter                     =        0
redata: Max. number of SCF Iter                     =       50
redata: SCF mix quantity                            = Hamiltonian
redata: Mix DM or H after convergence               =   F
redata: Recompute H after scf cycle                 =   F
redata: Mix DM in first SCF step                    =   T
redata: Write Pulay info on disk                    =   F
redata: New DM Mixing Weight                        =     0.1000
redata: New DM Occupancy tolerance                  = 0.000000000001
redata: No kicks to SCF
redata: DM Mixing Weight for Kicks                  =     0.5000
redata: Require Harris convergence for SCF          =   F
redata: Harris energy tolerance for SCF             =     0.000100 eV
redata: Require DM convergence for SCF              =   T
redata: DM tolerance for SCF                        =     0.0001
redata: Require EDM convergence for SCF             =   F
redata: EDM tolerance for SCF                       =     0.001000 eV
redata: Require H convergence for SCF               =   T
redata: Hamiltonian tolerance for SCF               =     0.001000 eV
redata: Require (free) Energy convergence for SCF   =   F
redata: (free) Energy tolerance for SCF             =     0.000100 eV
redata: Using Saved Data (generic)                  =   F
redata: Use continuation files for DM               =   F
redata: Neglect nonoverlap interactions             =   F
redata: Method of Calculation                       = Diagonalization
redata: Divide and Conquer                          =   T
redata: Electronic Temperature                      =   299.9869 K
redata: Fix the spin of the system                  =   F
redata: Dynamics option                             = CG coord. optimization
redata: Variable cell                               =   F
redata: Use continuation files for CG               =   F
redata: Max atomic displ per move                   =     0.1000 Ang
redata: Maximum number of CG moves                  =       10
redata: Force tolerance                             =     0.0300 eV/Ang
mix.SCF: Pulay mixing                            = Pulay
mix.SCF:    Variant                              = stable
mix.SCF:    History steps                        = 5
mix.SCF:    Linear mixing weight                 =     0.100000
mix.SCF:    Mixing weight                        =     0.100000
mix.SCF:    SVD condition                        = 0.1000E-07
redata: ***********************************************************************

%block SCF.Mixers
  Pulay
%endblock SCF.Mixers

%block SCF.Mixer.Pulay
  # Mixing method
  method pulay
  variant stable

  # Mixing options
  weight 0.1000
  weight.linear 0.1000
  history 5
%endblock SCF.Mixer.Pulay

DM_history_depth set to one: no extrapolation allowed by default for geometry relaxation
Size of DM history Fstack: 1
Total number of electrons:    16.000000
Total ionic charge:    16.000000
 Kpoints in:            1 . Kpoints trimmed:            1

siesta: k-grid: Number of k-points =     1
siesta: k-grid: Cutoff (effective) =     5.000 Ang
siesta: k-grid: Supercell and displacements
siesta: k-grid:    1   0   0      0.000
siesta: k-grid:    0   1   0      0.000
siesta: k-grid:    0   0   1      0.000


                     ====================================
                        Begin CG opt. move =      0
                     ====================================

outcell: Unit cell vectors (Ang):
       15.000000    0.000000    0.000000
        0.000000   10.000000    0.000000
        0.000000    0.000000   10.000000

outcell: Cell vector modules (Ang)   :   15.000000   10.000000   10.000000
outcell: Cell angles (23,13,12) (deg):     90.0000     90.0000     90.0000
outcell: Cell volume (Ang**3)        :   1500.0000
<dSpData1D:S at geom step 0
  <sparsity:sparsity for geom step 0
    nrows_g=26 nrows=26 sparsity=.9290 nnzs=628, refcount: 7>
  <dData1D:(new from dSpData1D) n=628, refcount: 1>
refcount: 1>
new_DM -- step:     1
Initializing Density Matrix...
DM filled with atomic data:
<dSpData2D:DM initialized from atoms
  <sparsity:sparsity for geom step 0
    nrows_g=26 nrows=26 sparsity=.9290 nnzs=628, refcount: 8>
  <dData2D:DM n=628 m=1, refcount: 1>
refcount: 1>

No. of atoms with KB's overlaping orbs in proc 0. Max # of overlaps:       2      13
New grid distribution:   1
           1       1:   48    1:   32    1:   32

InitMesh: MESH =    96 x    64 x    64 =      393216
InitMesh: (bp) =    48 x    32 x    32 =       49152
InitMesh: Mesh cutoff (required, used) =   100.000   113.204 Ry
ExtMesh (bp) on 0 =    84 x    68 x    68 =      388416
PhiOnMesh: Number of (b)points on node 0 =                49152
PhiOnMesh: nlist on node 0 =                52176

stepf: Fermi-Dirac step function

siesta: Program's energy decomposition (eV):
siesta: Ebs     =      -211.452514
siesta: Eions   =      1490.478905
siesta: Ena     =       145.951094
siesta: Ekin    =       416.588732
siesta: Enl     =       -19.500456
siesta: Eso     =         0.000000
siesta: Eldau   =         0.000000
siesta: DEna    =         5.399407
siesta: DUscf   =         0.069940
siesta: DUext   =         0.000000
siesta: Exc     =      -220.511125
siesta: eta*DQ  =         0.000000
siesta: Emadel  =         0.000000
siesta: Emeta   =         0.000000
siesta: Emolmec =         0.000000
siesta: Ekinion =         0.000000
siesta: Eharris =     -1162.465677
siesta: Etot    =     -1162.481313
siesta: FreeEng =     -1162.481313

        iscf     Eharris(eV)        E_KS(eV)     FreeEng(eV)     dDmax    Ef(eV) dHmax(eV)
   scf:    1    -1162.465677    -1162.481313    -1162.481313  0.177115 -1.025935  0.768424
timer: Routine,Calls,Time,% = IterSCF        1       6.608  56.19
   scf:    2    -1162.494798    -1162.488185    -1162.488185  0.012118 -1.076785  0.638536
   scf:    3    -1162.512615    -1162.503478    -1162.503478  0.058852 -1.326792  0.002135
   scf:    4    -1162.503473    -1162.503476    -1162.503476  0.000994 -1.330764  0.008272
   scf:    5    -1162.503480    -1162.503479    -1162.503479  0.000542 -1.328406  0.002314
   scf:    6    -1162.503479    -1162.503479    -1162.503479  0.000195 -1.327393  0.000028
   scf:    7    -1162.503479    -1162.503479    -1162.503479  0.000002 -1.327401  0.000048

SCF Convergence by DM+H criterion
max |DM_out - DM_in|         :     0.0000019065
max |H_out - H_in|      (eV) :     0.0000476265
SCF cycle converged after 7 iterations

Using DM_out to compute the final energy and forces
No. of atoms with KB's overlaping orbs in proc 0. Max # of overlaps:       2      13

siesta: E_KS(eV) =            -1162.5035

siesta: E_KS - E_eggbox =     -1162.5035

siesta: Atomic forces (eV/Ang):
----------------------------------------
   Tot   -0.001787   -0.000001   -0.000001
----------------------------------------
   Max    0.075365
   Res    0.042999    sqrt( Sum f_i^2 / 3N )
----------------------------------------
   Max    0.075365    constrained

Stress-tensor-Voigt (kbar):        0.35        0.03        0.03        0.00        0.00        0.00
(Free)E + p*V (eV/cell)    -1162.6293
Target enthalpy (eV/cell)    -1162.5035

                     ====================================
                        Begin CG opt. move =      1
                     ====================================

outcell: Unit cell vectors (Ang):
       15.000000    0.000000    0.000000
        0.000000   10.000000    0.000000
        0.000000    0.000000   10.000000

outcell: Cell vector modules (Ang)   :   15.000000   10.000000   10.000000
outcell: Cell angles (23,13,12) (deg):     90.0000     90.0000     90.0000
outcell: Cell volume (Ang**3)        :   1500.0000
<dSpData1D:S at geom step 1
  <sparsity:sparsity for geom step 1
    nrows_g=26 nrows=26 sparsity=.9290 nnzs=628, refcount: 7>
  <dData1D:(new from dSpData1D) n=628, refcount: 1>
refcount: 1>
new_DM -- step:     2
Re-using DM from previous geometries...
Number of DMs in history: 1
 DM extrapolation coefficients: 
1   1.00000
New DM after history re-use:
<dSpData2D:SpM extrapolated using coords
  <sparsity:sparsity for geom step 1
    nrows_g=26 nrows=26 sparsity=.9290 nnzs=628, refcount: 8>
  <dData2D:(temp array for extrapolation) n=628 m=1, refcount: 1>
refcount: 1>
No. of atoms with KB's overlaping orbs in proc 0. Max # of overlaps:       2      13
New grid distribution:   1
           1       1:   48    1:   32    1:   32

InitMesh: MESH =    96 x    64 x    64 =      393216
InitMesh: (bp) =    48 x    32 x    32 =       49152
InitMesh: Mesh cutoff (required, used) =   100.000   113.204 Ry
ExtMesh (bp) on 0 =    84 x    68 x    68 =      388416
PhiOnMesh: Number of (b)points on node 0 =                49152
PhiOnMesh: nlist on node 0 =                52309

        iscf     Eharris(eV)        E_KS(eV)     FreeEng(eV)     dDmax    Ef(eV) dHmax(eV)
   scf:    1    -1162.516573    -1162.514547    -1162.514547  0.017718 -1.251467  0.001800
   scf:    2    -1162.514546    -1162.514547    -1162.514547  0.000349 -1.252399  0.001422
   scf:    3    -1162.514547    -1162.514547    -1162.514547  0.000161 -1.251938  0.000143
   scf:    4    -1162.514547    -1162.514547    -1162.514547  0.000034 -1.251909  0.000072

SCF Convergence by DM+H criterion
max |DM_out - DM_in|         :     0.0000341524
max |H_out - H_in|      (eV) :     0.0000724503
SCF cycle converged after 4 iterations

Using DM_out to compute the final energy and forces
No. of atoms with KB's overlaping orbs in proc 0. Max # of overlaps:       2      13

siesta: E_KS(eV) =            -1162.5145

siesta: Atomic forces (eV/Ang):
----------------------------------------
   Tot   -0.015255   -0.000001   -0.000001
----------------------------------------
   Max    0.101407
   Res    0.054322    sqrt( Sum f_i^2 / 3N )
----------------------------------------
   Max    0.101407    constrained

Stress-tensor-Voigt (kbar):        0.31        0.02        0.02        0.00        0.00        0.00
(Free)E + p*V (eV/cell)    -1162.6258
Target enthalpy (eV/cell)    -1162.5145

                     ====================================
                        Begin CG opt. move =      2
                     ====================================

outcell: Unit cell vectors (Ang):
       15.000000    0.000000    0.000000
        0.000000   10.000000    0.000000
        0.000000    0.000000   10.000000

outcell: Cell vector modules (Ang)   :   15.000000   10.000000   10.000000
outcell: Cell angles (23,13,12) (deg):     90.0000     90.0000     90.0000
outcell: Cell volume (Ang**3)        :   1500.0000
<dSpData1D:S at geom step 2
  <sparsity:sparsity for geom step 2
    nrows_g=26 nrows=26 sparsity=.9467 nnzs=640, refcount: 7>
  <dData1D:(new from dSpData1D) n=640, refcount: 1>
refcount: 1>
new_DM -- step:     3
Re-using DM from previous geometries...
Number of DMs in history: 1
 DM extrapolation coefficients: 
1   1.00000
New DM after history re-use:
<dSpData2D:SpM extrapolated using coords
  <sparsity:sparsity for geom step 2
    nrows_g=26 nrows=26 sparsity=.9467 nnzs=640, refcount: 8>
  <dData2D:(temp array for extrapolation) n=640 m=1, refcount: 1>
refcount: 1>
No. of atoms with KB's overlaping orbs in proc 0. Max # of overlaps:       2      13
New grid distribution:   1
           1       1:   48    1:   32    1:   32

InitMesh: MESH =    96 x    64 x    64 =      393216
InitMesh: (bp) =    48 x    32 x    32 =       49152
InitMesh: Mesh cutoff (required, used) =   100.000   113.204 Ry
ExtMesh (bp) on 0 =    84 x    68 x    68 =      388416
PhiOnMesh: Number of (b)points on node 0 =                49152
PhiOnMesh: nlist on node 0 =                52325

        iscf     Eharris(eV)        E_KS(eV)     FreeEng(eV)     dDmax    Ef(eV) dHmax(eV)
   scf:    1    -1162.532009    -1162.528578    -1162.528578  0.025483 -0.945499  0.007036
   scf:    2    -1162.528560    -1162.528577    -1162.528577  0.000693 -0.945280  0.007317
   scf:    3    -1162.528590    -1162.528585    -1162.528585  0.000331 -0.945305  0.000864
   scf:    4    -1162.528585    -1162.528585    -1162.528585  0.000073 -0.944876  0.000126

SCF Convergence by DM+H criterion
max |DM_out - DM_in|         :     0.0000726617
max |H_out - H_in|      (eV) :     0.0001259194
SCF cycle converged after 4 iterations

Using DM_out to compute the final energy and forces
No. of atoms with KB's overlaping orbs in proc 0. Max # of overlaps:       2      13

siesta: E_KS(eV) =            -1162.5286

siesta: Atomic forces (eV/Ang):
----------------------------------------
   Tot   -0.003928   -0.000001   -0.000001
----------------------------------------
   Max    0.057790
   Res    0.032251    sqrt( Sum f_i^2 / 3N )
----------------------------------------
   Max    0.057790    constrained

Stress-tensor-Voigt (kbar):        0.19       -0.00       -0.00        0.00        0.00        0.00
(Free)E + p*V (eV/cell)    -1162.5864
Target enthalpy (eV/cell)    -1162.5286

                     ====================================
                        Begin CG opt. move =      3
                     ====================================

outcell: Unit cell vectors (Ang):
       15.000000    0.000000    0.000000
        0.000000   10.000000    0.000000
        0.000000    0.000000   10.000000

outcell: Cell vector modules (Ang)   :   15.000000   10.000000   10.000000
outcell: Cell angles (23,13,12) (deg):     90.0000     90.0000     90.0000
outcell: Cell volume (Ang**3)        :   1500.0000
<dSpData1D:S at geom step 3
  <sparsity:sparsity for geom step 3
    nrows_g=26 nrows=26 sparsity=.9527 nnzs=644, refcount: 7>
  <dData1D:(new from dSpData1D) n=644, refcount: 1>
refcount: 1>
new_DM -- step:     4
Re-using DM from previous geometries...
Number of DMs in history: 1
 DM extrapolation coefficients: 
1   1.00000
New DM after history re-use:
<dSpData2D:SpM extrapolated using coords
  <sparsity:sparsity for geom step 3
    nrows_g=26 nrows=26 sparsity=.9527 nnzs=644, refcount: 8>
  <dData2D:(temp array for extrapolation) n=644 m=1, refcount: 1>
refcount: 1>
No. of atoms with KB's overlaping orbs in proc 0. Max # of overlaps:       2      21
New grid distribution:   1
           1       1:   48    1:   32    1:   32

InitMesh: MESH =    96 x    64 x    64 =      393216
InitMesh: (bp) =    48 x    32 x    32 =       49152
InitMesh: Mesh cutoff (required, used) =   100.000   113.204 Ry
ExtMesh (bp) on 0 =    84 x    68 x    68 =      388416
PhiOnMesh: Number of (b)points on node 0 =                49152
PhiOnMesh: nlist on node 0 =                52267

        iscf     Eharris(eV)        E_KS(eV)     FreeEng(eV)     dDmax    Ef(eV) dHmax(eV)
   scf:    1    -1162.533570    -1162.532919    -1162.532919  0.020256 -0.325000  0.017525
   scf:    2    -1162.532781    -1162.532914    -1162.532914  0.002779 -0.323160  0.019914
   scf:    3    -1162.533013    -1162.532979    -1162.532979  0.001321 -0.323853  0.002304
   scf:    4    -1162.532979    -1162.532979    -1162.532979  0.000204 -0.322947  0.000297
   scf:    5    -1162.532979    -1162.532979    -1162.532979  0.000022 -0.323070  0.000083

SCF Convergence by DM+H criterion
max |DM_out - DM_in|         :     0.0000223875
max |H_out - H_in|      (eV) :     0.0000833330
SCF cycle converged after 5 iterations

Using DM_out to compute the final energy and forces
No. of atoms with KB's overlaping orbs in proc 0. Max # of overlaps:       2      21

siesta: E_KS(eV) =            -1162.5330

siesta: Atomic forces (eV/Ang):
----------------------------------------
   Tot    0.032266   -0.000007   -0.000007
----------------------------------------
   Max    0.038096
   Res    0.015734    sqrt( Sum f_i^2 / 3N )
----------------------------------------
   Max    0.038096    constrained

Stress-tensor-Voigt (kbar):       -0.05        0.03        0.03        0.00        0.00        0.00
(Free)E + p*V (eV/cell)    -1162.5362
Target enthalpy (eV/cell)    -1162.5330

                     ====================================
                        Begin CG opt. move =      4
                     ====================================

outcell: Unit cell vectors (Ang):
       15.000000    0.000000    0.000000
        0.000000   10.000000    0.000000
        0.000000    0.000000   10.000000

outcell: Cell vector modules (Ang)   :   15.000000   10.000000   10.000000
outcell: Cell angles (23,13,12) (deg):     90.0000     90.0000     90.0000
outcell: Cell volume (Ang**3)        :   1500.0000
<dSpData1D:S at geom step 4
  <sparsity:sparsity for geom step 4
    nrows_g=26 nrows=26 sparsity=.9527 nnzs=644, refcount: 7>
  <dData1D:(new from dSpData1D) n=644, refcount: 1>
refcount: 1>
new_DM -- step:     5
Re-using DM from previous geometries...
Number of DMs in history: 1
 DM extrapolation coefficients: 
1   1.00000
New DM after history re-use:
<dSpData2D:SpM extrapolated using coords
  <sparsity:sparsity for geom step 4
    nrows_g=26 nrows=26 sparsity=.9527 nnzs=644, refcount: 8>
  <dData2D:(temp array for extrapolation) n=644 m=1, refcount: 1>
refcount: 1>
No. of atoms with KB's overlaping orbs in proc 0. Max # of overlaps:       2      21
New grid distribution:   1
           1       1:   48    1:   32    1:   32

InitMesh: MESH =    96 x    64 x    64 =      393216
InitMesh: (bp) =    48 x    32 x    32 =       49152
InitMesh: Mesh cutoff (required, used) =   100.000   113.204 Ry
ExtMesh (bp) on 0 =    84 x    68 x    68 =      388416
PhiOnMesh: Number of (b)points on node 0 =                49152
PhiOnMesh: nlist on node 0 =                52247

        iscf     Eharris(eV)        E_KS(eV)     FreeEng(eV)     dDmax    Ef(eV) dHmax(eV)
   scf:    1    -1162.533913    -1162.533281    -1162.533281  0.007809 -0.527498  0.006729
   scf:    2    -1162.533261    -1162.533280    -1162.533280  0.001127 -0.528322  0.007703
   scf:    3    -1162.533294    -1162.533289    -1162.533289  0.000534 -0.527990  0.000856
   scf:    4    -1162.533289    -1162.533289    -1162.533289  0.000077 -0.528293  0.000113

SCF Convergence by DM+H criterion
max |DM_out - DM_in|         :     0.0000771807
max |H_out - H_in|      (eV) :     0.0001125124
SCF cycle converged after 4 iterations

Using DM_out to compute the final energy and forces
No. of atoms with KB's overlaping orbs in proc 0. Max # of overlaps:       2      21

siesta: E_KS(eV) =            -1162.5333

siesta: Atomic forces (eV/Ang):
----------------------------------------
   Tot   -0.014019   -0.000003   -0.000003
----------------------------------------
   Max    0.010422
   Res    0.004501    sqrt( Sum f_i^2 / 3N )
----------------------------------------
   Max    0.010422    constrained

Stress-tensor-Voigt (kbar):        0.03        0.00        0.00        0.00        0.00        0.00
(Free)E + p*V (eV/cell)    -1162.5448
Target enthalpy (eV/cell)    -1162.5333

outcoor: Relaxed atomic coordinates (Ang):                  
    0.23738566   -0.00000154   -0.00000154   1       1  Ar.vdw
    3.75685037   -0.00000138   -0.00000138   1       2  Ar.vdw

WARNING: alloc-realloc-dealloc name mismatch
         Name: xap
         Size:               -48. Bytes
         Subsequent mismatches will not be reported

siesta: Program's energy decomposition (eV):
siesta: Ebs     =      -207.648407
siesta: Eions   =      1490.478905
siesta: Ena     =       145.955647
siesta: Ekin    =       419.896956
siesta: Enl     =       -19.760725
siesta: Eso     =         0.000000
siesta: Eldau   =         0.000000
siesta: DEna    =         3.224744
siesta: DUscf   =         0.025430
siesta: DUext   =         0.000000
siesta: Exc     =      -221.396436
siesta: eta*DQ  =         0.000000
siesta: Emadel  =         0.000000
siesta: Emeta   =         0.000000
siesta: Emolmec =         0.000000
siesta: Ekinion =         0.000000
siesta: Eharris =     -1162.533289
siesta: Etot    =     -1162.533289
siesta: FreeEng =     -1162.533289

siesta: Final energy (eV):
siesta:  Band Struct. =    -207.648407
siesta:       Kinetic =     419.896956
siesta:       Hartree =     836.304849
siesta:       Eldau   =       0.000000
siesta:       Eso     =       0.000000
siesta:    Ext. field =       0.000000
siesta:   Exch.-corr. =    -221.396436
siesta:  Ion-electron =   -2033.247851
siesta:       Ion-ion =    -164.090808
siesta:       Ekinion =       0.000000
siesta:         Total =   -1162.533289
siesta:         Fermi =      -0.528293

siesta: Stress tensor (static) (eV/Ang**3):
siesta:     0.000019    0.000000    0.000000
siesta:     0.000000    0.000002    0.000000
siesta:     0.000000    0.000000    0.000002

siesta: Cell volume =       1500.000000 Ang**3

siesta: Pressure (static):
siesta:                Solid            Molecule  Units
siesta:          -0.00000008         -0.00000011  Ry/Bohr**3
siesta:          -0.00000767         -0.00001033  eV/Ang**3
siesta:          -0.01228140         -0.01655754  kBar
(Free)E+ p_basis*V_orbitals  =       -1161.986141
(Free)Eharris+ p_basis*V_orbitals  =       -1161.986141

siesta: Electric dipole (a.u.)  =    0.000053   -0.000006   -0.000006
siesta: Electric dipole (Debye) =    0.000134   -0.000015   -0.000015

timer: Elapsed wall time (sec) =     111.554
timer: CPU execution times (sec):

Routine            Calls   Time/call    Tot.time        %
siesta                 1     111.468     111.468   100.00
Setup                  1       4.820       4.820     4.32
bands                  1       0.000       0.000     0.00
KSV_init               1       0.000       0.000     0.00
IterGeom               5      21.329     106.644    95.67
state_init             5       0.017       0.084     0.08
hsparse                5       0.000       0.000     0.00
overlap                5       0.016       0.080     0.07
Setup_H0               5       0.130       0.652     0.58
naefs                 10       0.000       0.004     0.00
MolMec                10       0.000       0.000     0.00
kinefsm               10       0.008       0.080     0.07
nlefsm                10       0.008       0.080     0.07
DHSCF_Init             5       0.098       0.492     0.44
DHSCF1                 5       0.008       0.040     0.04
INITMESH               5       0.000       0.000     0.00
DHSCF2                 5       0.090       0.452     0.41
REMESH                 5       0.004       0.020     0.02
REORD                143       0.001       0.084     0.08
PHION                  5       0.048       0.240     0.22
COMM_BSC              83       0.001       0.044     0.04
POISON                39       0.026       0.996     0.89
fft                   78       0.010       0.796     0.71
IterSCF               24       3.763      90.324    81.03
setup_H               29       3.114      90.308    81.02
DHSCF                 34       3.114     105.880    94.99
DHSCF3                34       3.105     105.556    94.70
rhoofd                34       0.004       0.136     0.12
CellXC                34       3.064     104.192    93.47
cellXC                34       3.064     104.192    93.47
fft3d               2040       0.014      29.164    26.16
vmat                  34       0.003       0.088     0.08
compute_dm            24       0.000       0.008     0.01
diagon                24       0.000       0.008     0.01
r-eigvec              24       0.000       0.008     0.01
r-buildHS             24       0.000       0.000     0.00
rdiag                 24       0.000       0.008     0.01
rdiag1                24       0.000       0.000     0.00
rdiag2                24       0.000       0.000     0.00
rdiag3                24       0.000       0.004     0.00
rdiag4                24       0.000       0.000     0.00
r-buildD              24       0.000       0.000     0.00
MIXER                 19       0.000       0.000     0.00
PostSCF                5       3.116      15.580    13.98
DHSCF4                 5       0.065       0.324     0.29
dfscf                  5       0.050       0.248     0.22
overfsm                5       0.000       0.000     0.00
state_analysis         5       0.000       0.000     0.00
siesta_move            5       0.000       0.000     0.00
Analysis               1       0.000       0.000     0.00
optical                1       0.000       0.000     0.00
  
>> End of run:  12-JAN-2018  10:33:01
Job completed
